******************************************************************************
                  TI ARM Linker PC v20.2.5                     
******************************************************************************
>> Linked Tue Jul  4 14:22:33 2023

OUTPUT FILE NAME:   <MPU6050.out>
ENTRY POINT SYMBOL: "_c_int00_noargs"  address: 00007a59


MEMORY CONFIGURATION

         name            origin    length      used     unused   attr    fill
----------------------  --------  ---------  --------  --------  ----  --------
  MAIN                  00000000   00040000  00008be0  00037420  R  X
  INFO                  00200000   00004000  00000000  00004000  R  X
  SRAM_CODE             01000000   00010000  00000448  0000fbb8  RW X
  SRAM_DATA             20000000   00010000  00000448  0000fbb8  RW  


SEGMENT ALLOCATION MAP

run origin  load origin   length   init length attrs members
----------  ----------- ---------- ----------- ----- -------
00000000    00000000    00008be0   00008be0    r-x
  00000000    00000000    000000e4   000000e4    r-- .intvecs
  000000e4    000000e4    00007bd4   00007bd4    r-x .text
  00007cb8    00007cb8    00000eb8   00000eb8    r-- .const
  00008b70    00008b70    00000070   00000070    r-- .cinit
20000000    20000000    00000248   00000000    rw-
  20000000    20000000    00000188   00000000    rw- .data
  20000188    20000188    000000c0   00000000    rw- .bss
2000fe00    2000fe00    00000200   00000000    rw-
  2000fe00    2000fe00    00000200   00000000    rw- .stack


SECTION ALLOCATION MAP

 output                                  attributes/
section   page    origin      length       input sections
--------  ----  ----------  ----------   ----------------
.intvecs   0    00000000    000000e4     
                  00000000    000000e4     startup_msp432p401r_ccs.obj (.intvecs:retain)

.text      0    000000e4    00007bd4     
                  000000e4    00002a38     inv_mpu.obj (.text)
                  00002b1c    00001084     inv_mpu_dmp_motion_driver.obj (.text)
                  00003ba0    00000a4e     rtsv7M4_T_le_v4SPD16_eabi.lib : _printfi.c.obj (.text:__TI_printfi)
                  000045ee    00000002                                   : _lock.c.obj (.text:_nop)
                  000045f0    00000934     mpu6050.obj (.text)
                  00004f24    0000041c     main.obj (.text)
                  00005340    000003d4     rtsv7M4_T_le_v4SPD16_eabi.lib : e_asin.c.obj (.text:asin)
                  00005714    00000334     system_msp432p401r.obj (.text)
                  00005a48    000002ec     rtsv7M4_T_le_v4SPD16_eabi.lib : s_atan.c.obj (.text:atan)
                  00005d34    00000270                                   : _printfi.c.obj (.text:_pconv_a)
                  00005fa4    00000270     my_iic.obj (.text)
                  00006214    000001e4     rtsv7M4_T_le_v4SPD16_eabi.lib : e_atan2.c.obj (.text:atan2)
                  000063f8    000001d0                                   : _printfi.c.obj (.text:_pconv_g)
                  000065c8    000001b6                                   : fd_add_t2.asm.obj (.text)
                  0000677e    00000002                                   : div0.asm.obj (.text)
                  00006780    00000158                                   : e_sqrt.c.obj (.text:sqrt)
                  000068d8    0000013c                                   : _printfi.c.obj (.text:_pconv_e)
                  00006a14    00000136                                   : fd_div_t2.asm.obj (.text)
                  00006b4a    00000002     --HOLE-- [fill = 0]
                  00006b4c    00000124                                   : _printfi.c.obj (.text:fcvt)
                  00006c70    0000011c     msp432p4xx_driverlib.lib : uart.o (.text:UART_initModule)
                  00006d8c    00000110     rtsv7M4_T_le_v4SPD16_eabi.lib : s_scalbn.c.obj (.text:scalbn)
                  00006e9c    000000fc     my_uart.obj (.text)
                  00006f98    000000fc     rtsv7M4_T_le_v4SPD16_eabi.lib : fd_mul_t2.asm.obj (.text)
                  00007094    000000b1                                   : _printfi.c.obj (.text:_ltostr)
                  00007145    00000001     --HOLE-- [fill = 0]
                  00007146    0000009c                                   : memcpy_t2.asm.obj (.text)
                  000071e2    00000096                                   : ull_div_t2.asm.obj (.text)
                  00007278    00000086                                   : fd_cmp_t2.asm.obj (.text:__aeabi_cdcmple)
                  000072fe    00000086                                   : fd_cmp_t2.asm.obj (.text:__aeabi_cdrcmple)
                  00007384    0000007a                                   : memset_t2.asm.obj (.text)
                  000073fe    0000006e                                   : _printfi.c.obj (.text:_mcpy)
                  0000746c    0000006e                                   : fd_tos_t2.asm.obj (.text)
                  000074da    0000006e                                   : ll_div_t2.asm.obj (.text)
                  00007548    0000006c     delay.obj (.text)
                  000075b4    00000068     rtsv7M4_T_le_v4SPD16_eabi.lib : copy_decompress_lzss.c.obj (.text:decompress:lzss:__TI_decompress_lzss)
                  0000761c    00000068                                   : printf.c.obj (.text:printf)
                  00007684    00000064     msp432p4xx_driverlib.lib : uart.o (.text:UART_getEnabledInterruptStatus)
                  000076e8    00000064     rtsv7M4_T_le_v4SPD16_eabi.lib : s_frexp.c.obj (.text:frexp)
                  0000774c    00000056                                   : _printfi.c.obj (.text:_pconv_f)
                  000077a2    00000054                                   : _ltoa.c.obj (.text:__TI_ltoa)
                  000077f6    00000052                                   : _printfi.c.obj (.text:_ecpy)
                  00007848    0000004c     msp432p4xx_driverlib.lib : gpio.o (.text:GPIO_setAsInputPin)
                  00007894    0000004c     rtsv7M4_T_le_v4SPD16_eabi.lib : atoi.c.obj (.text:atoi)
                  000078e0    00000048                                   : fd_toi_t2.asm.obj (.text)
                  00007928    00000044                                   : autoinit.c.obj (.text:__TI_auto_init_nobinit_nopinit:__TI_auto_init_nobinit_nopinit)
                  0000796c    00000040     msp432p4xx_driverlib.lib : gpio.o (.text:GPIO_setAsOutputPin)
                  000079ac    0000003e     rtsv7M4_T_le_v4SPD16_eabi.lib : _printfi.c.obj (.text:_fcpy)
                  000079ea    00000038                                   : fs_tod_t2.asm.obj (.text)
                  00007a22    00000002     --HOLE-- [fill = 0]
                  00007a24    00000034     msp432p4xx_driverlib.lib : cs.o (.text:CS_setDCOCenteredFrequency)
                  00007a58    00000034     rtsv7M4_T_le_v4SPD16_eabi.lib : boot_cortex_m.c.obj (.text:_c_int00_noargs:_c_int00_noargs)
                  00007a8c    00000030     msp432p4xx_driverlib.lib : gpio.o (.text:GPIO_getInputPinValue)
                  00007abc    0000002e     rtsv7M4_T_le_v4SPD16_eabi.lib : i_tofd_t2.asm.obj (.text)
                  00007aea    00000002     --HOLE-- [fill = 0]
                  00007aec    00000028     msp432p4xx_driverlib.lib : gpio.o (.text:GPIO_setOutputHighOnPin)
                  00007b14    00000028                              : gpio.o (.text:GPIO_setOutputLowOnPin)
                  00007b3c    00000028                              : gpio.o (.text:GPIO_toggleOutputOnPin)
                  00007b64    00000024     rtsv7M4_T_le_v4SPD16_eabi.lib : memcmp.c.obj (.text:memcmp)
                  00007b88    00000020                                   : u_tofd_t2.asm.obj (.text)
                  00007ba8    0000001c                                   : copy_zero_init.c.obj (.text:decompress:ZI:__TI_zero_init_nomemset:__TI_zero_init_nomemset)
                  00007bc4    0000001c                                   : memccpy.c.obj (.text:memccpy)
                  00007be0    0000001a                                   : s_copysign.c.obj (.text:copysign)
                  00007bfa    00000018     msp432p4xx_driverlib.lib : uart.o (.text:UART_getInterruptStatus)
                  00007c12    00000018     rtsv7M4_T_le_v4SPD16_eabi.lib : ll_mul_t2.asm.obj (.text)
                  00007c2a    00000016                                   : strchr.c.obj (.text:strchr)
                  00007c40    00000014                                   : strlen.c.obj (.text:strlen)
                  00007c54    00000012                                   : wcslen.c.obj (.text:wcslen)
                  00007c66    00000010     msp432p4xx_driverlib.lib : interrupt.o (.text:Interrupt_enableMaster)
                  00007c76    0000000e     rtsv7M4_T_le_v4SPD16_eabi.lib : copy_decompress_none.c.obj (.text:decompress:none:__TI_decompress_none)
                  00007c84    0000000e     startup_msp432p401r_ccs.obj (.text)
                  00007c92    0000000c     msp432p4xx_driverlib.lib : cpu.o (.text:CPU_cpsie)
                  00007c9e    00000002     --HOLE-- [fill = 0]
                  00007ca0    00000008     rtsv7M4_T_le_v4SPD16_eabi.lib : errno.c.obj (.text:__aeabi_errno_addr)
                  00007ca8    00000004                                   : printf.c.obj (.text:_outc)
                  00007cac    00000004                                   : printf.c.obj (.text:_outs)
                  00007cb0    00000004                                   : pre_init.c.obj (.text:_system_pre_init)
                  00007cb4    00000004                                   : exit.c.obj (.text:abort:abort)

.const     0    00007cb8    00000eb8     
                  00007cb8    00000bf6     inv_mpu_dmp_motion_driver.obj (.const:.string:dmp_memory)
                  000088ae    00000101     rtsv7M4_T_le_v4SPD16_eabi.lib : ctype.c.obj (.const:.string:_ctypes_)
                  000089af    00000001     --HOLE-- [fill = 0]
                  000089b0    00000098                                   : s_atan.c.obj (.const:$O1$$)
                  00008a48    00000030     msp432p4xx_driverlib.lib : gpio.o (.const:GPIO_PORT_TO_BASE)
                  00008a78    00000028     main.obj (.const)
                  00008aa0    00000028     inv_mpu.obj (.const:test)
                  00008ac8    00000028     my_uart.obj (.const:uartConfig)
                  00008af0    0000001b     inv_mpu.obj (.const:reg)
                  00008b0b    00000001     --HOLE-- [fill = 0]
                  00008b0c    00000018     main.obj (.const:upConfig)
                  00008b24    0000000c     inv_mpu_dmp_motion_driver.obj (.const:.string:$P$T4$5)
                  00008b30    0000000c     inv_mpu.obj (.const:hw)
                  00008b3c    0000000b     inv_mpu_dmp_motion_driver.obj (.const:.string:$P$T7$8)
                  00008b47    0000000b     inv_mpu_dmp_motion_driver.obj (.const:.string:$P$T8$9)
                  00008b52    00000009     inv_mpu_dmp_motion_driver.obj (.const:.string:$P$T5$6)
                  00008b5b    00000009     inv_mpu_dmp_motion_driver.obj (.const:.string:$P$T6$7)
                  00008b64    00000003     inv_mpu_dmp_motion_driver.obj (.const:.string:$P$T0$1)
                  00008b67    00000003     inv_mpu_dmp_motion_driver.obj (.const:.string:$P$T1$2)
                  00008b6a    00000003     inv_mpu_dmp_motion_driver.obj (.const:.string:$P$T2$3)
                  00008b6d    00000003     inv_mpu_dmp_motion_driver.obj (.const:.string:$P$T3$4)

.cinit     0    00008b70    00000070     
                  00008b70    00000046     (.cinit..data.load) [load image, compression = lzss]
                  00008bb6    00000002     --HOLE-- [fill = 0]
                  00008bb8    0000000c     (__TI_handler_table)
                  00008bc4    00000004     --HOLE-- [fill = 0]
                  00008bc8    00000008     (.cinit..bss.load) [load image, compression = zero_init]
                  00008bd0    00000010     (__TI_cinit_table)

.init_array 
*          0    00000000    00000000     UNINITIALIZED

.binit     0    00000000    00000000     

.data      0    20000000    00000188     UNINITIALIZED
                  20000000    000000f0     rtsv7M4_T_le_v4SPD16_eabi.lib : defs.c.obj (.data:_ftable)
                  200000f0    0000002c     inv_mpu.obj (.data:st)
                  2000011c    00000004     rtsv7M4_T_le_v4SPD16_eabi.lib : errno.c.obj (.data)
                  20000120    00000020     main.obj (.data:P)
                  20000140    00000020     main.obj (.data:Pdot)
                  20000160    00000010     inv_mpu_dmp_motion_driver.obj (.data:dmp)
                  20000170    00000009     inv_mpu.obj (.data:gyro_orientation)
                  20000179    00000003     --HOLE--
                  2000017c    00000008     rtsv7M4_T_le_v4SPD16_eabi.lib : _lock.c.obj (.data:$O1$$)
                  20000184    00000004     system_msp432p401r.obj (.data)

.bss       0    20000188    000000c0     UNINITIALIZED
                  20000188    00000008     (.common:E)
                  20000190    00000008     (.common:K_0)
                  20000198    00000008     (.common:K_1)
                  200001a0    00000008     (.common:PCt_0)
                  200001a8    00000008     (.common:PCt_1)
                  200001b0    00000008     (.common:angle_err)
                  200001b8    00000008     (.common:q_bias)
                  200001c0    00000008     (.common:t_0)
                  200001c8    00000008     (.common:t_1)
                  200001d0    00000004     (.common:accCoef)
                  200001d4    00000004     (.common:accX)
                  200001d8    00000004     (.common:accY)
                  200001dc    00000004     (.common:accZ)
                  200001e0    00000004     (.common:angleAccX)
                  200001e4    00000004     (.common:angleAccY)
                  200001e8    00000004     (.common:angleGyroX)
                  200001ec    00000004     (.common:angleGyroY)
                  200001f0    00000004     (.common:angleGyroZ)
                  200001f4    00000004     (.common:angleX)
                  200001f8    00000004     (.common:angleY)
                  200001fc    00000004     (.common:angleZ)
                  20000200    00000004     (.common:gyroCoef)
                  20000204    00000004     (.common:gyroX)
                  20000208    00000004     (.common:gyroXoffset)
                  2000020c    00000004     (.common:gyroY)
                  20000210    00000004     (.common:gyroYoffset)
                  20000214    00000004     (.common:gyroZ)
                  20000218    00000004     (.common:gyroZoffset)
                  2000021c    00000004     (.common:interval)
                  20000220    00000004     (.common:pitch)
                  20000224    00000004     (.common:preInterval)
                  20000228    00000004     (.common:roll)
                  2000022c    00000004     (.common:temp)
                  20000230    00000004     (.common:timer)
                  20000234    00000004     (.common:timer1)
                  20000238    00000004     (.common:yaw)
                  2000023c    00000002     (.common:rawAccX)
                  2000023e    00000002     (.common:rawAccY)
                  20000240    00000002     (.common:rawAccZ)
                  20000242    00000002     (.common:rawGyroX)
                  20000244    00000002     (.common:rawGyroY)
                  20000246    00000002     (.common:rawGyroZ)

.stack     0    2000fe00    00000200     UNINITIALIZED
                  2000fe00    00000004     rtsv7M4_T_le_v4SPD16_eabi.lib : boot_cortex_m.c.obj (.stack)
                  2000fe04    000001fc     --HOLE--

__llvm_prf_cnts 
*          0    20000000    00000000     UNINITIALIZED

MODULE SUMMARY

       Module                          code    ro data   rw data
       ------                          ----    -------   -------
    .\
       inv_mpu.obj                     10808   79        106    
       inv_mpu_dmp_motion_driver.obj   4228    3126      32     
       mpu6050.obj                     2356    0         32     
       main.obj                        1052    64        480    
       system_msp432p401r.obj          820     0         8      
       my_iic.obj                      624     0         0      
       my_uart.obj                     252     40        0      
       startup_msp432p401r_ccs.obj     14      228       0      
       delay.obj                       108     0         0      
    +--+-------------------------------+-------+---------+---------+
       Total:                          20262   3537      658    
                                                                
    E:/CSS/SDK/simplelink_msp432p4_sdk_3_40_01_02/source/ti/devices/msp432p4xx/driverlib/ccs/msp432p4xx_driverlib.lib
       uart.o                          408     0         0      
       gpio.o                          308     48        0      
       cs.o                            52      0         0      
       interrupt.o                     16      0         0      
       cpu.o                           12      0         0      
    +--+-------------------------------+-------+---------+---------+
       Total:                          796     48        0      
                                                                
    E:\CSS\CSS11.2.0\ccs\tools\compiler\ti-cgt-arm_20.2.5.LTS\lib\rtsv7M4_T_le_v4SPD16_eabi.lib
       _printfi.c.obj                  4851    0         0      
       e_asin.c.obj                    980     0         0      
       s_atan.c.obj                    748     152       0      
       e_atan2.c.obj                   484     0         0      
       defs.c.obj                      0       0         480    
       fd_add_t2.asm.obj               438     0         0      
       e_sqrt.c.obj                    344     0         0      
       fd_div_t2.asm.obj               310     0         0      
       s_scalbn.c.obj                  272     0         0      
       fd_cmp_t2.asm.obj               268     0         0      
       ctype.c.obj                     0       257       0      
       fd_mul_t2.asm.obj               252     0         0      
       memcpy_t2.asm.obj               156     0         0      
       ull_div_t2.asm.obj              150     0         0      
       memset_t2.asm.obj               122     0         0      
       printf.c.obj                    112     0         0      
       fd_tos_t2.asm.obj               110     0         0      
       ll_div_t2.asm.obj               110     0         0      
       copy_decompress_lzss.c.obj      104     0         0      
       s_frexp.c.obj                   100     0         0      
       _ltoa.c.obj                     84      0         0      
       atoi.c.obj                      76      0         0      
       fd_toi_t2.asm.obj               72      0         0      
       autoinit.c.obj                  68      0         0      
       fs_tod_t2.asm.obj               56      0         0      
       boot_cortex_m.c.obj             52      0         0      
       i_tofd_t2.asm.obj               46      0         0      
       memcmp.c.obj                    36      0         0      
       u_tofd_t2.asm.obj               32      0         0      
       copy_zero_init.c.obj            28      0         0      
       memccpy.c.obj                   28      0         0      
       s_copysign.c.obj                26      0         0      
       ll_mul_t2.asm.obj               24      0         0      
       strchr.c.obj                    22      0         0      
       strlen.c.obj                    20      0         0      
       _lock.c.obj                     2       0         16     
       wcslen.c.obj                    18      0         0      
       errno.c.obj                     8       0         8      
       copy_decompress_none.c.obj      14      0         0      
       exit.c.obj                      4       0         0      
       pre_init.c.obj                  4       0         0      
       div0.asm.obj                    2       0         0      
    +--+-------------------------------+-------+---------+---------+
       Total:                          10633   409       504    
                                                                
       Stack:                          0       0         1024   
       Linker Generated:               0       106       0      
    +--+-------------------------------+-------+---------+---------+
       Grand Total:                    31691   4100      2186   


LINKER GENERATED COPY TABLES

__TI_cinit_table @ 00008bd0 records: 2, size/record: 8, table size: 16
	.data: load addr=00008b70, load size=00000046 bytes, run addr=20000000, run size=00000188 bytes, compression=lzss
	.bss: load addr=00008bc8, load size=00000008 bytes, run addr=20000188, run size=000000c0 bytes, compression=zero_init


LINKER GENERATED HANDLER TABLE

__TI_handler_table @ 00008bb8 records: 3, size/record: 4, table size: 12
	index: 0, handler: __TI_decompress_lzss
	index: 1, handler: __TI_decompress_none
	index: 2, handler: __TI_zero_init


GLOBAL SYMBOLS: SORTED ALPHABETICALLY BY Name 

address   name                            
-------   ----                            
00007c91  ADC14_IRQHandler                
00007c91  AES256_IRQHandler               
00007c91  BusFault_Handler                
00007cb5  C$$EXIT                         
00007c91  COMP_E0_IRQHandler              
00007c91  COMP_E1_IRQHandler              
00007c93  CPU_cpsie                       
00007c91  CS_IRQHandler                   
00007a25  CS_setDCOCenteredFrequency      
00007c91  DMA_ERR_IRQHandler              
00007c91  DMA_INT0_IRQHandler             
00007c91  DMA_INT1_IRQHandler             
00007c91  DMA_INT2_IRQHandler             
00007c91  DMA_INT3_IRQHandler             
00007c91  DebugMon_Handler                
00007c91  Default_Handler                 
20000188  E                               
00006f49  EUSCIA0_IRQHandler              
00006f49  EUSCIA0_IRQHandler              
00007c91  EUSCIA1_IRQHandler              
00007c91  EUSCIA2_IRQHandler              
00007c91  EUSCIA3_IRQHandler              
00007c91  EUSCIB0_IRQHandler              
00007c91  EUSCIB1_IRQHandler              
00007c91  EUSCIB2_IRQHandler              
00007c91  EUSCIB3_IRQHandler              
00007c91  FLCTL_IRQHandler                
00007c91  FPU_IRQHandler                  
00007a8d  GPIO_getInputPinValue           
00007849  GPIO_setAsInputPin              
0000796d  GPIO_setAsOutputPin             
00007aed  GPIO_setOutputHighOnPin         
00007b15  GPIO_setOutputLowOnPin          
00007b3d  GPIO_toggleOutputOnPin          
00007c91  HardFault_Handler               
00006091  IIC_Ack                         
00005fa5  IIC_Init                        
000060c9  IIC_NAck                        
00006191  IIC_Read_Byte                   
00006101  IIC_Send_Byte                   
00005fc9  IIC_Start                       
00006001  IIC_Stop                        
00006039  IIC_Wait_Ack                    
00007c67  Interrupt_enableMaster          
20000190  K_0                             
20000198  K_1                             
00004f25  Kalman_Filter                   
000051cf  LED_init                        
00004cd9  MPU_Get_Accelerometer           
00004c65  MPU_Get_Gyroscope               
00004bf1  MPU_Get_Temperature             
000045f1  MPU_Init                        
00004ebd  MPU_Read_Byte                   
00004dcd  MPU_Read_Len                    
00004acd  MPU_Set_Accel_Fsr               
00004aa5  MPU_Set_Gyro_Fsr                
00004b01  MPU_Set_LPF                     
00004b8d  MPU_Set_Rate                    
00004e63  MPU_Write_Byte                  
00004d4d  MPU_Write_Len                   
00007c91  MemManage_Handler               
00007c91  NMI_Handler                     
20000120  P                               
00007c91  PCM_IRQHandler                  
200001a0  PCt_0                           
200001a8  PCt_1                           
00007c91  PORT1_IRQHandler                
00007c91  PORT2_IRQHandler                
00007c91  PORT3_IRQHandler                
00007c91  PORT4_IRQHandler                
00007c91  PORT5_IRQHandler                
00007c91  PORT6_IRQHandler                
00007c91  PSS_IRQHandler                  
20000140  Pdot                            
00007c91  PendSV_Handler                  
00007c91  RTC_C_IRQHandler                
00007c85  Reset_Handler                   
00007c91  SVC_Handler                     
00007c91  SysTick_Handler                 
20000184  SystemCoreClock                 
00005715  SystemCoreClockUpdate           
0000598d  SystemInit                      
00007c91  T32_INT1_IRQHandler             
00007c91  T32_INT2_IRQHandler             
00007c91  T32_INTC_IRQHandler             
00007c91  TA0_0_IRQHandler                
00007c91  TA0_N_IRQHandler                
0000529d  TA1_0_IRQHandler                
0000529d  TA1_0_IRQHandler                
00007c91  TA1_N_IRQHandler                
00007c91  TA2_0_IRQHandler                
00007c91  TA2_N_IRQHandler                
00007c91  TA3_0_IRQHandler                
00007c91  TA3_N_IRQHandler                
0000519f  Timer_init                      
00007685  UART_getEnabledInterruptStatus  
00007bfb  UART_getInterruptStatus         
00006c71  UART_initModule                 
00007c91  UsageFault_Handler              
4000480c  WDTCTL_SYM                      
00007c91  WDT_A_IRQHandler                
20010000  __STACK_END                     
00000200  __STACK_SIZE                    
00008bd0  __TI_CINIT_Base                 
00008be0  __TI_CINIT_Limit                
00008bb8  __TI_Handler_Table_Base         
00008bc4  __TI_Handler_Table_Limit        
00007929  __TI_auto_init_nobinit_nopinit  
000075b5  __TI_decompress_lzss            
00007c77  __TI_decompress_none            
000077a3  __TI_ltoa                       
ffffffff  __TI_pprof_out_hndl             
00003ba1  __TI_printfi                    
ffffffff  __TI_prof_data_size             
ffffffff  __TI_prof_data_start            
00000000  __TI_static_base__              
00007ba9  __TI_zero_init_nomemset         
00007279  __aeabi_cdcmpeq                 
00007279  __aeabi_cdcmple                 
000072ff  __aeabi_cdrcmple                
0000746d  __aeabi_d2f                     
000078e1  __aeabi_d2iz                    
000065d3  __aeabi_dadd                    
00006a15  __aeabi_ddiv                    
00006f99  __aeabi_dmul                    
000065c9  __aeabi_dsub                    
00007ca1  __aeabi_errno_addr              
000079eb  __aeabi_f2d                     
00007abd  __aeabi_i2d                     
0000677f  __aeabi_idiv0                   
0000677f  __aeabi_ldiv0                   
000074db  __aeabi_ldivmod                 
00007c13  __aeabi_lmul                    
00007385  __aeabi_memclr                  
00007385  __aeabi_memclr4                 
00007385  __aeabi_memclr8                 
00007147  __aeabi_memcpy                  
00007147  __aeabi_memcpy4                 
00007147  __aeabi_memcpy8                 
00007387  __aeabi_memset                  
00007387  __aeabi_memset4                 
00007387  __aeabi_memset8                 
00007b89  __aeabi_ui2d                    
000071e3  __aeabi_uldivmod                
ffffffff  __binit__                       
ffffffff  __c_args__                      
UNDEFED   __mpu_init                      
2000fe00  __stack                         
20000000  __start___llvm_prf_cnts         
20000000  __stop___llvm_prf_cnts          
00007a59  _c_int00_noargs                 
000088ae  _ctypes_                        
20000000  _ftable                         
2000017c  _lock                           
000045ef  _nop                            
UNDEFED   _system_post_cinit              
00007cb1  _system_pre_init                
20000180  _unlock                         
00007cb5  abort                           
200001d0  accCoef                         
200001d4  accX                            
200001d8  accY                            
200001dc  accZ                            
200001e0  angleAccX                       
200001e4  angleAccY                       
200001e8  angleGyroX                      
200001ec  angleGyroY                      
200001f0  angleGyroZ                      
200001f4  angleX                          
200001f8  angleY                          
200001fc  angleZ                          
200001b0  angle_err                       
00005341  asin                            
00005341  asinl                           
00005a49  atan                            
00006215  atan2                           
00006215  atan2l                          
00005a49  atanl                           
00007895  atoi                            
ffffffff  binit                           
00004647  calcGyroOffsets                 
00007be1  copysign                        
00007be1  copysignl                       
0000756b  delay_ms                        
00007549  delay_us                        
0000380f  dmp_enable_6x_lp_quat           
0000350f  dmp_enable_feature              
0000377d  dmp_enable_gyro_cal             
000037cd  dmp_enable_lp_quat              
00003769  dmp_get_enabled_features        
00002fd9  dmp_get_fifo_rate               
000033f9  dmp_get_pedometer_step_count    
0000347f  dmp_get_pedometer_walk_time     
00002b1d  dmp_load_motion_driver_firmware 
00003929  dmp_read_fifo                   
00003b7b  dmp_register_android_orient_cb  
00003b69  dmp_register_tap_cb             
00002e11  dmp_set_accel_bias              
00002f59  dmp_set_fifo_rate               
00002cb9  dmp_set_gyro_bias               
000038c7  dmp_set_interrupt_mode          
00002b31  dmp_set_orientation             
00003445  dmp_set_pedometer_step_count    
000034cb  dmp_set_pedometer_walk_time     
00003309  dmp_set_shake_reject_thresh     
00003365  dmp_set_shake_reject_time       
000033a9  dmp_set_shake_reject_timeout    
000031f9  dmp_set_tap_axes                
00003251  dmp_set_tap_count               
00002ff1  dmp_set_tap_thresh              
00003295  dmp_set_tap_time                
000032cd  dmp_set_tap_time_multi          
2000011c  errno                           
00006e9d  fputc                           
00006eb5  fputs                           
000076e9  frexp                           
000076e9  frexpl                          
20000200  gyroCoef                        
20000204  gyroX                           
20000208  gyroXoffset                     
2000020c  gyroY                           
20000210  gyroYoffset                     
20000214  gyroZ                           
20000218  gyroZoffset                     
00008b30  hw                              
00000000  interruptVectors                
2000021c  interval                        
00002735  inv_orientation_matrix_to_scalar
0000279d  inv_row_2_scale                 
00006d8d  ldexp                           
00006d8d  ldexpl                          
00005209  main                            
00007bc5  memccpy                         
00007b65  memcmp                          
00007147  memcpy                          
0000738d  memset                          
0000281d  mget_ms                         
00000ff5  mpu_configure_fifo              
000028e5  mpu_dmp_get_data                
0000282d  mpu_dmp_init                    
00000c0d  mpu_get_accel_fsr               
0000068d  mpu_get_accel_reg               
00000f7d  mpu_get_accel_sens              
0000240b  mpu_get_compass_fsr             
000023fb  mpu_get_compass_reg             
00000efb  mpu_get_compass_sample_rate     
000023e1  mpu_get_dmp_state               
00000fdd  mpu_get_fifo_config             
00000b21  mpu_get_gyro_fsr                
00000545  mpu_get_gyro_reg                
00000f2d  mpu_get_gyro_sens               
000011bb  mpu_get_int_status              
00000cfd  mpu_get_lpf                     
00001087  mpu_get_power_state             
00000e25  mpu_get_sample_rate             
00000701  mpu_get_temperature             
0000024d  mpu_init                        
00002231  mpu_load_firmware               
0000044f  mpu_lp_accel_mode               
00002429  mpu_lp_motion_interrupt         
0000121d  mpu_read_fifo                   
000014bd  mpu_read_fifo_stream            
00002199  mpu_read_mem                    
000001f5  mpu_read_reg                    
00000187  mpu_reg_dump                    
00000949  mpu_reset_fifo                  
00001fb1  mpu_run_self_test               
000007b5  mpu_set_accel_bias              
00000c6d  mpu_set_accel_fsr               
000015a5  mpu_set_bypass                  
00000f15  mpu_set_compass_sample_rate     
0000234d  mpu_set_dmp_state               
00000b73  mpu_set_gyro_fsr                
00001725  mpu_set_int_latched             
0000170f  mpu_set_int_level               
00000d7d  mpu_set_lpf                     
00000e45  mpu_set_sample_rate             
000010b9  mpu_set_sensors                 
000047a9  mpu_update                      
00002105  mpu_write_mem                   
20000220  pitch                           
20000224  preInterval                     
0000761d  printf                          
200001b8  q_bias                          
2000023c  rawAccX                         
2000023e  rawAccY                         
20000240  rawAccZ                         
20000242  rawGyroX                        
20000244  rawGyroY                        
20000246  rawGyroZ                        
00008af0  reg                             
20000228  roll                            
00002689  run_self_test                   
00006d8d  scalbn                          
00006d8d  scalbnl                         
000023f5  setup_compass                   
00006781  sqrt                            
00006781  sqrtl                           
00007c2b  strchr                          
00007c41  strlen                          
200001c0  t_0                             
200001c8  t_1                             
2000022c  temp                            
00008aa0  test                            
20000230  timer                           
20000234  timer1                          
00008ac8  uartConfig                      
00008b0c  upConfig                        
00006ef7  usart_init                      
00007c55  wcslen                          
20000238  yaw                             


GLOBAL SYMBOLS: SORTED BY Symbol Address 

address   name                            
-------   ----                            
00000000  __TI_static_base__              
00000000  interruptVectors                
00000187  mpu_reg_dump                    
000001f5  mpu_read_reg                    
00000200  __STACK_SIZE                    
0000024d  mpu_init                        
0000044f  mpu_lp_accel_mode               
00000545  mpu_get_gyro_reg                
0000068d  mpu_get_accel_reg               
00000701  mpu_get_temperature             
000007b5  mpu_set_accel_bias              
00000949  mpu_reset_fifo                  
00000b21  mpu_get_gyro_fsr                
00000b73  mpu_set_gyro_fsr                
00000c0d  mpu_get_accel_fsr               
00000c6d  mpu_set_accel_fsr               
00000cfd  mpu_get_lpf                     
00000d7d  mpu_set_lpf                     
00000e25  mpu_get_sample_rate             
00000e45  mpu_set_sample_rate             
00000efb  mpu_get_compass_sample_rate     
00000f15  mpu_set_compass_sample_rate     
00000f2d  mpu_get_gyro_sens               
00000f7d  mpu_get_accel_sens              
00000fdd  mpu_get_fifo_config             
00000ff5  mpu_configure_fifo              
00001087  mpu_get_power_state             
000010b9  mpu_set_sensors                 
000011bb  mpu_get_int_status              
0000121d  mpu_read_fifo                   
000014bd  mpu_read_fifo_stream            
000015a5  mpu_set_bypass                  
0000170f  mpu_set_int_level               
00001725  mpu_set_int_latched             
00001fb1  mpu_run_self_test               
00002105  mpu_write_mem                   
00002199  mpu_read_mem                    
00002231  mpu_load_firmware               
0000234d  mpu_set_dmp_state               
000023e1  mpu_get_dmp_state               
000023f5  setup_compass                   
000023fb  mpu_get_compass_reg             
0000240b  mpu_get_compass_fsr             
00002429  mpu_lp_motion_interrupt         
00002689  run_self_test                   
00002735  inv_orientation_matrix_to_scalar
0000279d  inv_row_2_scale                 
0000281d  mget_ms                         
0000282d  mpu_dmp_init                    
000028e5  mpu_dmp_get_data                
00002b1d  dmp_load_motion_driver_firmware 
00002b31  dmp_set_orientation             
00002cb9  dmp_set_gyro_bias               
00002e11  dmp_set_accel_bias              
00002f59  dmp_set_fifo_rate               
00002fd9  dmp_get_fifo_rate               
00002ff1  dmp_set_tap_thresh              
000031f9  dmp_set_tap_axes                
00003251  dmp_set_tap_count               
00003295  dmp_set_tap_time                
000032cd  dmp_set_tap_time_multi          
00003309  dmp_set_shake_reject_thresh     
00003365  dmp_set_shake_reject_time       
000033a9  dmp_set_shake_reject_timeout    
000033f9  dmp_get_pedometer_step_count    
00003445  dmp_set_pedometer_step_count    
0000347f  dmp_get_pedometer_walk_time     
000034cb  dmp_set_pedometer_walk_time     
0000350f  dmp_enable_feature              
00003769  dmp_get_enabled_features        
0000377d  dmp_enable_gyro_cal             
000037cd  dmp_enable_lp_quat              
0000380f  dmp_enable_6x_lp_quat           
000038c7  dmp_set_interrupt_mode          
00003929  dmp_read_fifo                   
00003b69  dmp_register_tap_cb             
00003b7b  dmp_register_android_orient_cb  
00003ba1  __TI_printfi                    
000045ef  _nop                            
000045f1  MPU_Init                        
00004647  calcGyroOffsets                 
000047a9  mpu_update                      
00004aa5  MPU_Set_Gyro_Fsr                
00004acd  MPU_Set_Accel_Fsr               
00004b01  MPU_Set_LPF                     
00004b8d  MPU_Set_Rate                    
00004bf1  MPU_Get_Temperature             
00004c65  MPU_Get_Gyroscope               
00004cd9  MPU_Get_Accelerometer           
00004d4d  MPU_Write_Len                   
00004dcd  MPU_Read_Len                    
00004e63  MPU_Write_Byte                  
00004ebd  MPU_Read_Byte                   
00004f25  Kalman_Filter                   
0000519f  Timer_init                      
000051cf  LED_init                        
00005209  main                            
0000529d  TA1_0_IRQHandler                
0000529d  TA1_0_IRQHandler                
00005341  asin                            
00005341  asinl                           
00005715  SystemCoreClockUpdate           
0000598d  SystemInit                      
00005a49  atan                            
00005a49  atanl                           
00005fa5  IIC_Init                        
00005fc9  IIC_Start                       
00006001  IIC_Stop                        
00006039  IIC_Wait_Ack                    
00006091  IIC_Ack                         
000060c9  IIC_NAck                        
00006101  IIC_Send_Byte                   
00006191  IIC_Read_Byte                   
00006215  atan2                           
00006215  atan2l                          
000065c9  __aeabi_dsub                    
000065d3  __aeabi_dadd                    
0000677f  __aeabi_idiv0                   
0000677f  __aeabi_ldiv0                   
00006781  sqrt                            
00006781  sqrtl                           
00006a15  __aeabi_ddiv                    
00006c71  UART_initModule                 
00006d8d  ldexp                           
00006d8d  ldexpl                          
00006d8d  scalbn                          
00006d8d  scalbnl                         
00006e9d  fputc                           
00006eb5  fputs                           
00006ef7  usart_init                      
00006f49  EUSCIA0_IRQHandler              
00006f49  EUSCIA0_IRQHandler              
00006f99  __aeabi_dmul                    
00007147  __aeabi_memcpy                  
00007147  __aeabi_memcpy4                 
00007147  __aeabi_memcpy8                 
00007147  memcpy                          
000071e3  __aeabi_uldivmod                
00007279  __aeabi_cdcmpeq                 
00007279  __aeabi_cdcmple                 
000072ff  __aeabi_cdrcmple                
00007385  __aeabi_memclr                  
00007385  __aeabi_memclr4                 
00007385  __aeabi_memclr8                 
00007387  __aeabi_memset                  
00007387  __aeabi_memset4                 
00007387  __aeabi_memset8                 
0000738d  memset                          
0000746d  __aeabi_d2f                     
000074db  __aeabi_ldivmod                 
00007549  delay_us                        
0000756b  delay_ms                        
000075b5  __TI_decompress_lzss            
0000761d  printf                          
00007685  UART_getEnabledInterruptStatus  
000076e9  frexp                           
000076e9  frexpl                          
000077a3  __TI_ltoa                       
00007849  GPIO_setAsInputPin              
00007895  atoi                            
000078e1  __aeabi_d2iz                    
00007929  __TI_auto_init_nobinit_nopinit  
0000796d  GPIO_setAsOutputPin             
000079eb  __aeabi_f2d                     
00007a25  CS_setDCOCenteredFrequency      
00007a59  _c_int00_noargs                 
00007a8d  GPIO_getInputPinValue           
00007abd  __aeabi_i2d                     
00007aed  GPIO_setOutputHighOnPin         
00007b15  GPIO_setOutputLowOnPin          
00007b3d  GPIO_toggleOutputOnPin          
00007b65  memcmp                          
00007b89  __aeabi_ui2d                    
00007ba9  __TI_zero_init_nomemset         
00007bc5  memccpy                         
00007be1  copysign                        
00007be1  copysignl                       
00007bfb  UART_getInterruptStatus         
00007c13  __aeabi_lmul                    
00007c2b  strchr                          
00007c41  strlen                          
00007c55  wcslen                          
00007c67  Interrupt_enableMaster          
00007c77  __TI_decompress_none            
00007c85  Reset_Handler                   
00007c91  ADC14_IRQHandler                
00007c91  AES256_IRQHandler               
00007c91  BusFault_Handler                
00007c91  COMP_E0_IRQHandler              
00007c91  COMP_E1_IRQHandler              
00007c91  CS_IRQHandler                   
00007c91  DMA_ERR_IRQHandler              
00007c91  DMA_INT0_IRQHandler             
00007c91  DMA_INT1_IRQHandler             
00007c91  DMA_INT2_IRQHandler             
00007c91  DMA_INT3_IRQHandler             
00007c91  DebugMon_Handler                
00007c91  Default_Handler                 
00007c91  EUSCIA1_IRQHandler              
00007c91  EUSCIA2_IRQHandler              
00007c91  EUSCIA3_IRQHandler              
00007c91  EUSCIB0_IRQHandler              
00007c91  EUSCIB1_IRQHandler              
00007c91  EUSCIB2_IRQHandler              
00007c91  EUSCIB3_IRQHandler              
00007c91  FLCTL_IRQHandler                
00007c91  FPU_IRQHandler                  
00007c91  HardFault_Handler               
00007c91  MemManage_Handler               
00007c91  NMI_Handler                     
00007c91  PCM_IRQHandler                  
00007c91  PORT1_IRQHandler                
00007c91  PORT2_IRQHandler                
00007c91  PORT3_IRQHandler                
00007c91  PORT4_IRQHandler                
00007c91  PORT5_IRQHandler                
00007c91  PORT6_IRQHandler                
00007c91  PSS_IRQHandler                  
00007c91  PendSV_Handler                  
00007c91  RTC_C_IRQHandler                
00007c91  SVC_Handler                     
00007c91  SysTick_Handler                 
00007c91  T32_INT1_IRQHandler             
00007c91  T32_INT2_IRQHandler             
00007c91  T32_INTC_IRQHandler             
00007c91  TA0_0_IRQHandler                
00007c91  TA0_N_IRQHandler                
00007c91  TA1_N_IRQHandler                
00007c91  TA2_0_IRQHandler                
00007c91  TA2_N_IRQHandler                
00007c91  TA3_0_IRQHandler                
00007c91  TA3_N_IRQHandler                
00007c91  UsageFault_Handler              
00007c91  WDT_A_IRQHandler                
00007c93  CPU_cpsie                       
00007ca1  __aeabi_errno_addr              
00007cb1  _system_pre_init                
00007cb5  C$$EXIT                         
00007cb5  abort                           
000088ae  _ctypes_                        
00008aa0  test                            
00008ac8  uartConfig                      
00008af0  reg                             
00008b0c  upConfig                        
00008b30  hw                              
00008bb8  __TI_Handler_Table_Base         
00008bc4  __TI_Handler_Table_Limit        
00008bd0  __TI_CINIT_Base                 
00008be0  __TI_CINIT_Limit                
20000000  __start___llvm_prf_cnts         
20000000  __stop___llvm_prf_cnts          
20000000  _ftable                         
2000011c  errno                           
20000120  P                               
20000140  Pdot                            
2000017c  _lock                           
20000180  _unlock                         
20000184  SystemCoreClock                 
20000188  E                               
20000190  K_0                             
20000198  K_1                             
200001a0  PCt_0                           
200001a8  PCt_1                           
200001b0  angle_err                       
200001b8  q_bias                          
200001c0  t_0                             
200001c8  t_1                             
200001d0  accCoef                         
200001d4  accX                            
200001d8  accY                            
200001dc  accZ                            
200001e0  angleAccX                       
200001e4  angleAccY                       
200001e8  angleGyroX                      
200001ec  angleGyroY                      
200001f0  angleGyroZ                      
200001f4  angleX                          
200001f8  angleY                          
200001fc  angleZ                          
20000200  gyroCoef                        
20000204  gyroX                           
20000208  gyroXoffset                     
2000020c  gyroY                           
20000210  gyroYoffset                     
20000214  gyroZ                           
20000218  gyroZoffset                     
2000021c  interval                        
20000220  pitch                           
20000224  preInterval                     
20000228  roll                            
2000022c  temp                            
20000230  timer                           
20000234  timer1                          
20000238  yaw                             
2000023c  rawAccX                         
2000023e  rawAccY                         
20000240  rawAccZ                         
20000242  rawGyroX                        
20000244  rawGyroY                        
20000246  rawGyroZ                        
2000fe00  __stack                         
20010000  __STACK_END                     
4000480c  WDTCTL_SYM                      
ffffffff  __TI_pprof_out_hndl             
ffffffff  __TI_prof_data_size             
ffffffff  __TI_prof_data_start            
ffffffff  __binit__                       
ffffffff  __c_args__                      
ffffffff  binit                           
UNDEFED   __mpu_init                      
UNDEFED   _system_post_cinit              

[311 symbols]
